              	; --------------------------------------
              	; zasm: assemble "__test.asm"
              	; date: 2018-08-03 18:34:13
              	; --------------------------------------


              	
              	#target sna
              	
0000:         	#code HEAD, 0, 27
0000: 3F      	        defb    $3f             ; i
0001: 0000    	        defw    0               ; hl'
0003: 0000    	        defw    0               ; de'
0005: 0000    	        defw    0               ; bc'
0007: 0000    	        defw    0               ; af'
              	
0009: 0000    	        defw    0               ; hl
000B: 0000    	        defw    0               ; de
000D: 0000    	        defw    0               ; bc
000F: 0000    	        defw    0               ; iy
0011: 0000    	        defw    0               ; ix
              	
0013: 00      	        defb    0<<2            ; bit 2 = iff2 (iff1 before nmi) 0=di, 1=ei
0014: 000000  	        defb    0,0,0           ; r,f,a
0017: BE59    	        defw    stackend        ; sp
0019: 01      	        defb    1               ; irpt mode
001A: 01      	        defb    1              ; border color: 0=black ... 7=white
              	
4000:         	#code SLOW_RAM, 0x4000, 0xC000
              	
4000: 00000000	pixels_start:   defs 0x1800
4004: 00...   	
5800: 00000000	attr_start:     defs 0x180
5804: 00...   	
              	
5980: 00000000	stackbot:   defs    0x3e
5984: 00...   	
59BE: 005A    	stackend:   defw    0x5A00  ; will be popped into pc when the emulator loads the .sna file
              	        
59C0: 00000000	        org     $5A00
59C4: 00...   	
5A00:         	code_start:
5A00: C3005B  	        jp      $5B00
5A03: 00000000	        org     $5B00
5A07: 00...   	
5B00: ED7B4481	        incbin  "test.m13"
5B04: CDE65C2A	
5B08: 4281E9FF	
5B0C: FFFFFFFF	
5B10: FFFFFFFF	
5B14: FFFFFFFF	
5B18: FFFFFFFF	
5B1C: FFFFFFFF	
5B20: FFFFFFFF	
5B24: FFFFFFFF	
5B28: FFFFFFFF	
5B2C: FFFFFFFF	
5B30: FFFFFFFF	
5B34: FFFFFFFF	
5B38: FFFFFFFF	
5B3C: FFFFFFFF	
5B40: FFFFFFFF	
5B44: FFFFFFFF	
5B48: FFFFFFFF	
5B4C: FFFFFFFF	
5B50: FFFFFFFF	
5B54: FFFFFFFF	
5B58: FFFFFFFF	
5B5C: FFFFFFFF	
5B60: FFFFFFFF	
5B64: FFFFFFFF	
5B68: FFFFFFFF	
5B6C: FFFFFFFF	
5B70: FFFFFFFF	
5B74: FFFFFFFF	
5B78: FFFFFFFF	
5B7C: FFFFFFFF	
5B80: FFFFFFFF	
5B84: FFFFFFFF	
5B88: FFFFFFFF	
5B8C: FFFFFFFF	
5B90: FFFFFFFF	
5B94: FFFFFFFF	
5B98: FFFFFFFF	
5B9C: FFFFFFFF	
5BA0: FFFFFFFF	
5BA4: FFFFFFFF	
5BA8: FFFFFFFF	
5BAC: FFFFFFFF	
5BB0: FFFFFFFF	
5BB4: FFFFFFFF	
5BB8: FFFFFFFF	
5BBC: FFFFFFFF	
5BC0: FFFFFFFF	
5BC4: FFFFFFFF	
5BC8: FFFFFFFF	
5BCC: FFFFFFFF	
5BD0: FFFFFFFF	
5BD4: FFFFFFFF	
5BD8: FFFFFFFF	
5BDC: FFFFFFFF	
5BE0: FFFFFFFF	
5BE4: FFFFFFFF	
5BE8: FFFFFFFF	
5BEC: FFFFFFFF	
5BF0: FFFFFFFF	
5BF4: FFFFFFFF	
5BF8: FFFFFFFF	
5BFC: FFFFFFFF	
5C00: 3E07CD28	
5C04: 81444D62	
5C08: 6BAFED42	
5C0C: 3E01CD28	
5C10: 81193E03	
5C14: CD2881CD	
5C18: 825E3E03	
5C1C: CD28816E	
5C20: 26003E01	
5C24: CD288173	
5C28: 3E04CD28	
5C2C: 817E2366	
5C30: 6F3E04CD	
5C34: 28817323	
5C38: 722B3E04	
5C3C: CD2881EB	
5C40: 2100003E	
5C44: 02CD2881	
5C48: E1D13E02	
5C4C: CD2881D1	
5C50: D13E02CD	
5C54: 2881D5E5	
5C58: 3E01CD28	
5C5C: 81E53E01	
5C60: CD2881C9	
5C64: 3E02CD28	
5C68: 81EBE13E	
5C6C: 04CD2881	
5C70: EB21FFFF	
5C74: 3E02CD28	
5C78: 81545D3E	
5C7C: 02CD2881	
5C80: 626B3E01	
5C84: CD2881EB	
5C88: 3E02CD28	
5C8C: 81DD013E	
5C90: 03CD2881	
5C94: 7618FD3E	
5C98: 01CD2881	
5C9C: 2B3E01CD	
5CA0: 2881233E	
5CA4: 04CD2881	
5CA8: CB2CCB1D	
5CAC: 3E02CD28	
5CB0: 812B2B3E	
5CB4: 02CD2881	
5CB8: 23233E01	
5CBC: CD288129	
5CC0: 3E03CD28	
5CC4: 817C656F	
5CC8: F5E52A59	
5CCC: 5ECBBEE1	
5CD0: E57CE603	
5CD4: FE032806	
5CD8: F6586722	
5CDC: 595E2A59	
5CE0: 5ECBFEE1	
5CE4: F1C9F5E5	
5CE8: 21004036	
5CEC: 00237CFE	
5CF0: 5820F836	
5CF4: 47237CFE	
5CF8: 5B20F821	
5CFC: 0000CDC8	
5D00: 5CE1F1C9	
5D04: F5C5D5E5	
5D08: 4F7CE603	
5D0C: FE032879	
5D10: E57CE603	
5D14: F6586779	
5D18: 0707E603	
5D1C: C6555F3E	
5D20: 5ECE0057	
5D24: 1A7779E6	
5D28: 3FEE20C6	
5D2C: 20FE4138	
5D30: 06FE5B30	
5D34: 02C6206F	
5D38: 26002929	
5D3C: 2911003C	
5D40: 19EBE17C	
5D44: E6038787	
5D48: 87F64067	
5D4C: 79E63FFE	
5D50: 2028201A	
5D54: 7724131A	
5D58: 7724131A	
5D5C: 7724131A	
5D60: 7724131A	
5D64: 7724131A	
5D68: 7724131A	
5D6C: 7724131A	
5D70: 7718113E	
5D74: 00772477	
5D78: 24772477	
5D7C: 24772477	
5D80: 24772477	
5D84: 2A595ECB	
5D88: FEE1D1C1	
5D8C: F1C9C5D5	
5D90: E521DD5D	
5D94: 3EFEDBFE	
5D98: CB472003	
5D9C: 212D5E3E	
5DA0: 7FDBFECB	
5DA4: 4F200321	
5DA8: 055E1EFE	
5DAC: 7B161EFE	
5DB0: FE280816	
5DB4: 1DFE7F28	
5DB8: 02161F7B	
5DBC: DBFE2FA2	
5DC0: 20112323	
5DC4: 2323237B	
5DC8: 87F6015F	
5DCC: FEFF20DC	
5DD0: AF180623	
5DD4: 1F30FC2B	
5DD8: 7EE1D1C1	
5DDC: C9005A58	
5DE0: 43564153	
5DE4: 44464751	
5DE8: 57455254	
5DEC: 31323334	
5DF0: 35303938	
5DF4: 3736504F	
5DF8: 4955590D	
5DFC: 4C4B4A48	
5E00: 20004D4E	
5E04: 42003A00	
5E08: 3F2F7E7C	
5E0C: 5C7B7D00	
5E10: 00003C3E	
5E14: 21402324	
5E18: 255F2928	
5E1C: 2726223B	
5E20: 005D5B0D	
5E24: 3D2B2D5E	
5E28: 20002E2C	
5E2C: 2A003A00	
5E30: 3F2F7E7C	
5E34: 5C7B7D00	
5E38: 00003C3E	
5E3C: 10111213	
5E40: 14082917	
5E44: 1615223B	
5E48: 005D5B0D	
5E4C: 3D2B2D5E	
5E50: 20002E2C	
5E54: 2A474244	
5E58: 460000F5	
5E5C: D5E57ACD	
5E60: 6A5E7BCD	
5E64: 6A5EE1D1	
5E68: F1C9F50F	
5E6C: 0F0F0FCD	
5E70: 735EF1E6	
5E74: 0FFE0A38	
5E78: 02C6C7C6	
5E7C: 30CD045D	
5E80: 23C9C5D5	
5E84: 444D2100	
5E88: 00CB4128	
5E8C: 0119CB38	
5E90: CB19EB29	
5E94: EB78B120	
5E98: F0D1C1C9	
5E9C: C5424BEB	
5EA0: 21000078	
5EA4: 060817ED	
5EA8: 6AED5230	
5EAC: 011910F6	
5EB0: 172F4779	
5EB4: 48060817	
5EB8: ED6AED52	
5EBC: 30011910	
5EC0: F6172F51	
5EC4: 5FC1C9FF	
5EC8: FFFFFFFF	
5ECC: FFFFFFFF	
5ED0: FFFFFFFF	
5ED4: FFFFFFFF	
5ED8: FFFFFFFF	
5EDC: FFFFFFFF	
5EE0: FFFFFFFF	
5EE4: FFFFFFFF	
5EE8: FFFFFFFF	
5EEC: FFFFFFFF	
5EF0: FFFFFFFF	
5EF4: FFFFFFFF	
5EF8: FFFFFFFF	
5EFC: FFFFFFFF	
5F00: FFFFFFFF	
5F04: FFFFFFFF	
5F08: FFFFFFFF	
5F0C: FFFFFFFF	
5F10: FFFFFFFF	
5F14: FFFFFFFF	
5F18: FFFFFFFF	
5F1C: FFFFFFFF	
5F20: FFFFFFFF	
5F24: FFFFFFFF	
5F28: FFFFFFFF	
5F2C: FFFFFFFF	
5F30: FFFFFFFF	
5F34: FFFFFFFF	
5F38: FFFFFFFF	
5F3C: FFFFFFFF	
5F40: FFFFFFFF	
5F44: FFFFFFFF	
5F48: FFFFFFFF	
5F4C: FFFFFFFF	
5F50: FFFFFFFF	
5F54: FFFFFFFF	
5F58: FFFFFFFF	
5F5C: FFFFFFFF	
5F60: FFFFFFFF	
5F64: FFFFFFFF	
5F68: FFFFFFFF	
5F6C: FFFFFFFF	
5F70: FFFFFFFF	
5F74: FFFFFFFF	
5F78: FFFFFFFF	
5F7C: FFFFFFFF	
5F80: FFFFFFFF	
5F84: FFFFFFFF	
5F88: FFFFFFFF	
5F8C: FFFFFFFF	
5F90: FFFFFFFF	
5F94: FFFFFFFF	
5F98: FFFFFFFF	
5F9C: FFFFFFFF	
5FA0: FFFFFFFF	
5FA4: FFFFFFFF	
5FA8: FFFFFFFF	
5FAC: FFFFFFFF	
5FB0: FFFFFFFF	
5FB4: FFFFFFFF	
5FB8: FFFFFFFF	
5FBC: FFFFFFFF	
5FC0: FFFFFFFF	
5FC4: FFFFFFFF	
5FC8: FFFFFFFF	
5FCC: FFFFFFFF	
5FD0: FFFFFFFF	
5FD4: FFFFFFFF	
5FD8: FFFFFFFF	
5FDC: FFFFFFFF	
5FE0: FFFFFFFF	
5FE4: FFFFFFFF	
5FE8: FFFFFFFF	
5FEC: FFFFFFFF	
5FF0: FFFFFFFF	
5FF4: FFFFFFFF	
5FF8: FFFFFFFF	
5FFC: FFFFFFFF	
6000: FFFFFFFF	
6004: FFFFFFFF	
6008: FFFFFFFF	
600C: FFFFFFFF	
6010: FFFFFFFF	
6014: FFFFFFFF	
6018: FFFFFFFF	
601C: FFFFFFFF	
6020: FFFFFFFF	
6024: FFFFFFFF	
6028: FFFFFFFF	
602C: FFFFFFFF	
6030: FFFFFFFF	
6034: FFFFFFFF	
6038: FFFFFFFF	
603C: FFFFFFFF	
6040: FFFFFFFF	
6044: FFFFFFFF	
6048: FFFFFFFF	
604C: FFFFFFFF	
6050: FFFFFFFF	
6054: FFFFFFFF	
6058: FFFFFFFF	
605C: FFFFFFFF	
6060: FFFFFFFF	
6064: FFFFFFFF	
6068: FFFFFFFF	
606C: FFFFFFFF	
6070: FFFFFFFF	
6074: FFFFFFFF	
6078: FFFFFFFF	
607C: FFFFFFFF	
6080: FFFFFFFF	
6084: FFFFFFFF	
6088: FFFFFFFF	
608C: FFFFFFFF	
6090: FFFFFFFF	
6094: FFFFFFFF	
6098: FFFFFFFF	
609C: FFFFFFFF	
60A0: FFFFFFFF	
60A4: FFFFFFFF	
60A8: FFFFFFFF	
60AC: FFFFFFFF	
60B0: FFFFFFFF	
60B4: FFFFFFFF	
60B8: FFFFFFFF	
60BC: FFFFFFFF	
60C0: FFFFFFFF	
60C4: FFFFFFFF	
60C8: FFFFFFFF	
60CC: FFFFFF00	
60D0: FFFFFFFF	
60D4: FFFFFFFF	
60D8: FFFFFFFF	
60DC: FFFFFFFF	
60E0: FFFFFFFF	
60E4: FFFFFFFF	
60E8: FFFFFFFF	
60EC: FFFFFFFF	
60F0: FFFFFFFF	
60F4: FFFFFFFF	
60F8: FFFFFFFF	
60FC: FFFFFFFF	
6100: FFFFFFFF	
6104: FFFFFFFF	
6108: FFFFFFFF	
610C: FFFFFFFF	
6110: FFFFFFFF	
6114: FFFFFFFF	
6118: FFFFFFFF	
611C: FFFFFFFF	
6120: FFFFFFFF	
6124: FFFFFFFF	
6128: FFFFFFFF	
612C: FFFFFFFF	
6130: FFFFFFFF	
6134: FFFFFFFF	
6138: FFFFFFFF	
613C: FFFFFFFF	
6140: FFFFFFFF	
6144: FFFFFFFF	
6148: FFFFFFFF	
614C: FFFFFFFF	
6150: FFFFFFFF	
6154: FFFFFFFF	
6158: FFFFFFFF	
615C: FFFFFFFF	
6160: FFFFFFFF	
6164: FFFFFFFF	
6168: FFFFFFFF	
616C: FFFFFFFF	
6170: FFFFFFFF	
6174: FFFFFFFF	
6178: FFFFFFFF	
617C: FFFFFFFF	
6180: FFFFFFFF	
6184: FFFFFFFF	
6188: FFFFFFFF	
618C: FFFFFFFF	
6190: FFFFFFFF	
6194: FFFFFFFF	
6198: FFFFFFFF	
619C: FFFFFFFF	
61A0: FFFFFFFF	
61A4: FFFFFFFF	
61A8: FFFFFFFF	
61AC: FFFFFFFF	
61B0: FFFFFFFF	
61B4: FFFFFFFF	
61B8: FFFFFFFF	
61BC: FFFFFFFF	
61C0: FFFFFFFF	
61C4: FFFFFFFF	
61C8: FFFFFFFF	
61CC: FFFFFFFF	
61D0: FFFFFFFF	
61D4: FFFFFFFF	
61D8: FFFFFFFF	
61DC: FFFFFFFF	
61E0: FFFFFFFF	
61E4: FFFFFFFF	
61E8: FFFFFFFF	
61EC: FFFFFFFF	
61F0: FFFFFFFF	
61F4: FFFFFFFF	
61F8: FFFFFFFF	
61FC: FFFFFFFF	
6200: FFFFFFFF	
6204: FFFFFFFF	
6208: FFFFFFFF	
620C: FFFFFFFF	
6210: FFFFFFFF	
6214: FFFFFFFF	
6218: FFFFFFFF	
621C: FFFFFFFF	
6220: FFFFFFFF	
6224: FFFFFFFF	
6228: FFFFFFFF	
622C: FFFFFFFF	
6230: FFFFFFFF	
6234: FFFFFFFF	
6238: FFFFFFFF	
623C: FFFFFFFF	
6240: FFFFFFFF	
6244: FFFFFFFF	
6248: FFFFFFFF	
624C: FFFFFFFF	
6250: FFFFFFFF	
6254: FFFFFFFF	
6258: FFFFFFFF	
625C: FFFFFFFF	
6260: FFFFFFFF	
6264: FFFFFFFF	
6268: FFFFFFFF	
626C: FFFFFFFF	
6270: FFFFFFFF	
6274: FFFFFFFF	
6278: FFFFFFFF	
627C: FFFFFFFF	
6280: FFFFFFFF	
6284: FFFFFFFF	
6288: FFFFFFFF	
628C: FFFFFFFF	
6290: FFFFFFFF	
6294: FFFFFFFF	
6298: FFFFFFFF	
629C: FFFFFFFF	
62A0: FFFFFFFF	
62A4: FFFFFFFF	
62A8: FFFFFFFF	
62AC: FFFFFFFF	
62B0: FFFFFFFF	
62B4: FFFFFFFF	
62B8: FFFFFFFF	
62BC: FFFFFFFF	
62C0: FFFFFFFF	
62C4: FFFFFFFF	
62C8: FFFFFFFF	
62CC: FFFFFFFF	
62D0: FFFFFFFF	
62D4: FFFFFFFF	
62D8: FFFFFFFF	
62DC: FFFFFFFF	
62E0: FFFFFFFF	
62E4: FFFFFFFF	
62E8: FFFFFFFF	
62EC: FFFFFFFF	
62F0: FFFFFFFF	
62F4: FFFFFFFF	
62F8: FFFFFFFF	
62FC: FFFFFFFF	
6300: FFFFFFFF	
6304: FFFFFFFF	
6308: FFFFFFFF	
630C: FFFFFFFF	
6310: FFFFFFFF	
6314: FFFFFFFF	
6318: FFFFFFFF	
631C: FFFFFFFF	
6320: FFFFFFFF	
6324: FFFFFFFF	
6328: FFFFFFFF	
632C: FFFFFFFF	
6330: FFFFFFFF	
6334: FFFFFFFF	
6338: FFFFFFFF	
633C: FFFFFFFF	
6340: FFFFFFFF	
6344: FFFFFFFF	
6348: FFFFFFFF	
634C: FFFFFFFF	
6350: FFFFFFFF	
6354: FFFFFFFF	
6358: FFFFFFFF	
635C: FFFFFFFF	
6360: FFFFFFFF	
6364: FFFFFFFF	
6368: FFFFFFFF	
636C: FFFFFFFF	
6370: FFFFFFFF	
6374: FFFFFFFF	
6378: FFFFFFFF	
637C: FFFFFFFF	
6380: FFFFFFFF	
6384: FFFFFFFF	
6388: FFFFFFFF	
638C: FFFFFFFF	
6390: FFFFFFFF	
6394: FFFFFFFF	
6398: FFFFFFFF	
639C: FFFFFFFF	
63A0: FFFFFFFF	
63A4: FFFFFFFF	
63A8: FFFFFFFF	
63AC: FFFFFFFF	
63B0: FFFFFFFF	
63B4: FFFFFFFF	
63B8: FFFFFFFF	
63BC: FFFFFFFF	
63C0: FFFFFFFF	
63C4: FFFFFFFF	
63C8: FFFFFFFF	
63CC: FFFFFFFF	
63D0: FFFFFFFF	
63D4: FFFFFFFF	
63D8: FFFFFFFF	
63DC: FFFFFFFF	
63E0: FFFFFFFF	
63E4: FFFFFFFF	
63E8: FFFFFFFF	
63EC: FFFFFFFF	
63F0: FFFFFFFF	
63F4: FFFFFFFF	
63F8: FFFFFFFF	
63FC: FFFFFFFF	
6400: FFFFFFFF	
6404: FFFFFFFF	
6408: FFFFFFFF	
640C: FFFFFFFF	
6410: FFFFFFFF	
6414: FFFFFFFF	
6418: FFFFFFFF	
641C: FFFFFFFF	
6420: FFFFFFFF	
6424: FFFFFFFF	
6428: FFFFFFFF	
642C: FFFFFFFF	
6430: FFFFFFFF	
6434: FFFFFFFF	
6438: FFFFFFFF	
643C: FFFFFFFF	
6440: FFFFFFFF	
6444: FFFFFFFF	
6448: FFFFFFFF	
644C: FFFFFFFF	
6450: FFFFFFFF	
6454: FFFFFFFF	
6458: FFFFFFFF	
645C: FFFFFFFF	
6460: FFFFFFFF	
6464: FFFFFFFF	
6468: FFFFFFFF	
646C: FFFFFFFF	
6470: FFFFFFFF	
6474: FFFFFFFF	
6478: FFFFFFFF	
647C: FFFFFFFF	
6480: FFFFFFFF	
6484: FFFFFFFF	
6488: FFFFFFFF	
648C: FFFFFFFF	
6490: FFFFFFFF	
6494: FFFFFFFF	
6498: FFFFFFFF	
649C: FFFFFFFF	
64A0: FFFFFFFF	
64A4: FFFFFFFF	
64A8: FFFFFFFF	
64AC: FFFFFFFF	
64B0: FFFFFFFF	
64B4: FFFFFFFF	
64B8: FFFFFFFF	
64BC: FFFFFFFF	
64C0: FFFFFFFF	
64C4: FFFFFFFF	
64C8: FFFFFFFF	
64CC: FFFFFFFF	
64D0: FFFFFFFF	
64D4: FFFFFFFF	
64D8: FFFFFFFF	
64DC: FFFFFFFF	
64E0: FFFFFFFF	
64E4: FFFFFFFF	
64E8: FFFFFFFF	
64EC: FFFFFFFF	
64F0: FFFFFFFF	
64F4: FFFFFFFF	
64F8: FFFFFFFF	
64FC: FFFFFFFF	
6500: FFFFFFFF	
6504: FFFFFFFF	
6508: FFFFFFFF	
650C: FFFFFFFF	
6510: FFFFFFFF	
6514: FFFFFFFF	
6518: FFFFFFFF	
651C: FFFFFFFF	
6520: FFFFFFFF	
6524: FFFFFFFF	
6528: FFFFFFFF	
652C: FFFFFFFF	
6530: FFFFFFFF	
6534: FFFFFFFF	
6538: FFFFFFFF	
653C: FFFFFFFF	
6540: FFFFFFFF	
6544: FFFFFFFF	
6548: FFFFFFFF	
654C: FFFFFFFF	
6550: FFFFFFFF	
6554: FFFFFFFF	
6558: FFFFFFFF	
655C: FFFFFFFF	
6560: FFFFFFFF	
6564: FFFFFFFF	
6568: FFFFFFFF	
656C: FFFFFFFF	
6570: FFFFFFFF	
6574: FFFFFFFF	
6578: FFFFFFFF	
657C: FFFFFFFF	
6580: FFFFFFFF	
6584: FFFFFFFF	
6588: FFFFFFFF	
658C: FFFFFFFF	
6590: FFFFFFFF	
6594: FFFFFFFF	
6598: FFFFFFFF	
659C: FFFFFFFF	
65A0: FFFFFFFF	
65A4: FFFFFFFF	
65A8: FFFFFFFF	
65AC: FFFFFFFF	
65B0: FFFFFFFF	
65B4: FFFFFFFF	
65B8: FFFFFFFF	
65BC: FFFFFFFF	
65C0: FFFFFFFF	
65C4: FFFFFFFF	
65C8: FFFFFFFF	
65CC: FFFFFFFF	
65D0: FFFFFFFF	
65D4: FFFFFFFF	
65D8: FFFFFFFF	
65DC: FFFFFFFF	
65E0: FFFFFFFF	
65E4: FFFFFFFF	
65E8: FFFFFFFF	
65EC: FFFFFFFF	
65F0: FFFFFFFF	
65F4: FFFFFFFF	
65F8: FFFFFFFF	
65FC: FFFFFFFF	
6600: FFFFFFFF	
6604: FFFFFFFF	
6608: FFFFFFFF	
660C: FFFFFFFF	
6610: FFFFFFFF	
6614: FFFFFFFF	
6618: FFFFFFFF	
661C: FFFFFFFF	
6620: FFFFFFFF	
6624: FFFFFFFF	
6628: FFFFFFFF	
662C: FFFFFFFF	
6630: FFFFFFFF	
6634: FFFFFFFF	
6638: FFFFFFFF	
663C: FFFFFFFF	
6640: FFFFFFFF	
6644: FFFFFFFF	
6648: FFFFFFFF	
664C: FFFFFFFF	
6650: FFFFFFFF	
6654: FFFFFFFF	
6658: FFFFFFFF	
665C: FFFFFFFF	
6660: FFFFFFFF	
6664: FFFFFFFF	
6668: FFFFFFFF	
666C: FFFFFFFF	
6670: FFFFFFFF	
6674: FFFFFFFF	
6678: FFFFFFFF	
667C: FFFFFFFF	
6680: FFFFFFFF	
6684: FFFFFFFF	
6688: FFFFFFFF	
668C: FFFFFFFF	
6690: FFFFFFFF	
6694: FFFFFFFF	
6698: FFFFFFFF	
669C: FFFFFFFF	
66A0: FFFFFFFF	
66A4: FFFFFFFF	
66A8: FFFFFFFF	
66AC: FFFFFFFF	
66B0: FFFFFFFF	
66B4: FFFFFFFF	
66B8: FFFFFFFF	
66BC: FFFFFFFF	
66C0: FFFFFFFF	
66C4: FFFFFFFF	
66C8: FFFFFFFF	
66CC: FFFFFFFF	
66D0: FFFFFFFF	
66D4: FFFFFFFF	
66D8: FFFFFFFF	
66DC: FFFFFFFF	
66E0: FFFFFFFF	
66E4: FFFFFFFF	
66E8: FFFFFFFF	
66EC: FFFFFFFF	
66F0: FFFFFFFF	
66F4: FFFFFFFF	
66F8: FFFFFFFF	
66FC: FFFFFFFF	
6700: FFFFFFFF	
6704: FFFFFFFF	
6708: FFFFFFFF	
670C: FFFFFFFF	
6710: FFFFFFFF	
6714: FFFFFFFF	
6718: FFFFFFFF	
671C: FFFFFFFF	
6720: FFFFFFFF	
6724: FFFFFFFF	
6728: FFFFFFFF	
672C: FFFFFFFF	
6730: FFFFFFFF	
6734: FFFFFFFF	
6738: FFFFFFFF	
673C: FFFFFFFF	
6740: FFFFFFFF	
6744: FFFFFFFF	
6748: FFFFFFFF	
674C: FFFFFFFF	
6750: FFFFFFFF	
6754: FFFFFFFF	
6758: FFFFFFFF	
675C: FFFFFFFF	
6760: FFFFFFFF	
6764: FFFFFFFF	
6768: FFFFFFFF	
676C: FFFFFFFF	
6770: FFFFFFFF	
6774: FFFFFFFF	
6778: FFFFFFFF	
677C: FFFFFFFF	
6780: FFFFFFFF	
6784: FFFFFFFF	
6788: FFFFFFFF	
678C: FFFFFFFF	
6790: FFFFFFFF	
6794: FFFFFFFF	
6798: FFFFFFFF	
679C: FFFFFFFF	
67A0: FFFFFFFF	
67A4: FFFFFFFF	
67A8: FFFFFFFF	
67AC: FFFFFFFF	
67B0: FFFFFFFF	
67B4: FFFFFFFF	
67B8: FFFFFFFF	
67BC: FFFFFFFF	
67C0: FFFFFFFF	
67C4: FFFFFFFF	
67C8: FFFFFFFF	
67CC: FFFFFFFF	
67D0: FFFFFFFF	
67D4: FFFFFFFF	
67D8: FFFFFFFF	
67DC: FFFFFFFF	
67E0: FFFFFFFF	
67E4: FFFFFFFF	
67E8: FFFFFFFF	
67EC: FFFFFFFF	
67F0: FFFFFFFF	
67F4: FFFFFFFF	
67F8: FFFFFFFF	
67FC: FFFFFFFF	
6800: FFFFFFFF	
6804: FFFFFFFF	
6808: FFFFFFFF	
680C: FFFFFFFF	
6810: FFFFFFFF	
6814: FFFFFFFF	
6818: FFFFFFFF	
681C: FFFFFFFF	
6820: FFFFFFFF	
6824: FFFFFFFF	
6828: FFFFFFFF	
682C: FFFFFFFF	
6830: FFFFFFFF	
6834: FFFFFFFF	
6838: FFFFFFFF	
683C: FFFFFFFF	
6840: FFFFFFFF	
6844: FFFFFFFF	
6848: FFFFFFFF	
684C: FFFFFFFF	
6850: FFFFFFFF	
6854: FFFFFFFF	
6858: FFFFFFFF	
685C: FFFFFFFF	
6860: FFFFFFFF	
6864: FFFFFFFF	
6868: FFFFFFFF	
686C: FFFFFFFF	
6870: FFFFFFFF	
6874: FFFFFFFF	
6878: FFFFFFFF	
687C: FFFFFFFF	
6880: FFFFFFFF	
6884: FFFFFFFF	
6888: FFFFFFFF	
688C: FFFFFFFF	
6890: FFFFFFFF	
6894: FFFFFFFF	
6898: FFFFFFFF	
689C: FFFFFFFF	
68A0: FFFFFFFF	
68A4: FFFFFFFF	
68A8: FFFFFFFF	
68AC: FFFFFFFF	
68B0: FFFFFFFF	
68B4: FFFFFFFF	
68B8: FFFFFFFF	
68BC: FFFFFFFF	
68C0: FFFFFFFF	
68C4: FFFFFFFF	
68C8: FFFFFFFF	
68CC: FFFFFFFF	
68D0: FFFFFFFF	
68D4: FFFFFFFF	
68D8: FFFFFFFF	
68DC: FFFFFFFF	
68E0: FFFFFFFF	
68E4: FFFFFFFF	
68E8: FFFFFFFF	
68EC: FFFFFFFF	
68F0: FFFFFFFF	
68F4: FFFFFFFF	
68F8: FFFFFFFF	
68FC: FFFFFFFF	
6900: FFFFFFFF	
6904: FFFFFFFF	
6908: FFFFFFFF	
690C: FFFFFFFF	
6910: FFFFFFFF	
6914: FFFFFFFF	
6918: FFFFFFFF	
691C: FFFFFFFF	
6920: FFFFFFFF	
6924: FFFFFFFF	
6928: FFFFFFFF	
692C: FFFFFFFF	
6930: FFFFFFFF	
6934: FFFFFFFF	
6938: FFFFFFFF	
693C: FFFFFFFF	
6940: FFFFFFFF	
6944: FFFFFFFF	
6948: FFFFFFFF	
694C: FFFFFFFF	
6950: FFFFFFFF	
6954: FFFFFFFF	
6958: FFFFFFFF	
695C: FFFFFFFF	
6960: FFFFFFFF	
6964: FFFFFFFF	
6968: FFFFFFFF	
696C: FFFFFFFF	
6970: FFFFFFFF	
6974: FFFFFFFF	
6978: FFFFFFFF	
697C: FFFFFFFF	
6980: FFFFFFFF	
6984: FFFFFFFF	
6988: FFFFFFFF	
698C: FFFFFFFF	
6990: FFFFFFFF	
6994: FFFFFFFF	
6998: FFFFFFFF	
699C: FFFFFFFF	
69A0: FFFFFFFF	
69A4: FFFFFFFF	
69A8: FFFFFFFF	
69AC: FFFFFFFF	
69B0: FFFFFFFF	
69B4: FFFFFFFF	
69B8: FFFFFFFF	
69BC: FFFFFFFF	
69C0: FFFFFFFF	
69C4: FFFFFFFF	
69C8: FFFFFFFF	
69CC: FFFFFFFF	
69D0: FFFFFFFF	
69D4: FFFFFFFF	
69D8: FFFFFFFF	
69DC: FFFFFFFF	
69E0: FFFFFFFF	
69E4: FFFFFFFF	
69E8: FFFFFFFF	
69EC: FFFFFFFF	
69F0: FFFFFFFF	
69F4: FFFFFFFF	
69F8: FFFFFFFF	
69FC: FFFFFFFF	
6A00: FFFFFFFF	
6A04: FFFFFFFF	
6A08: FFFFFFFF	
6A0C: FFFFFFFF	
6A10: FFFFFFFF	
6A14: FFFFFFFF	
6A18: FFFFFFFF	
6A1C: FFFFFFFF	
6A20: FFFFFFFF	
6A24: FFFFFFFF	
6A28: FFFFFFFF	
6A2C: FFFFFFFF	
6A30: FFFFFFFF	
6A34: FFFFFFFF	
6A38: FFFFFFFF	
6A3C: FFFFFFFF	
6A40: FFFFFFFF	
6A44: FFFFFFFF	
6A48: FFFFFFFF	
6A4C: FFFFFFFF	
6A50: FFFFFFFF	
6A54: FFFFFFFF	
6A58: FFFFFFFF	
6A5C: FFFFFFFF	
6A60: FFFFFFFF	
6A64: FFFFFFFF	
6A68: FFFFFFFF	
6A6C: FFFFFFFF	
6A70: FFFFFFFF	
6A74: FFFFFFFF	
6A78: FFFFFFFF	
6A7C: FFFFFFFF	
6A80: FFFFFFFF	
6A84: FFFFFFFF	
6A88: FFFFFFFF	
6A8C: FFFFFFFF	
6A90: FFFFFFFF	
6A94: FFFFFFFF	
6A98: FFFFFFFF	
6A9C: FFFFFFFF	
6AA0: FFFFFFFF	
6AA4: FFFFFFFF	
6AA8: FFFFFFFF	
6AAC: FFFFFFFF	
6AB0: FFFFFFFF	
6AB4: FFFFFFFF	
6AB8: FFFFFFFF	
6ABC: FFFFFFFF	
6AC0: FFFFFFFF	
6AC4: FFFFFFFF	
6AC8: FFFFFFFF	
6ACC: FFFFFFFF	
6AD0: FFFFFFFF	
6AD4: FFFFFFFF	
6AD8: FFFFFFFF	
6ADC: FFFFFFFF	
6AE0: FFFFFFFF	
6AE4: FFFFFFFF	
6AE8: FFFFFFFF	
6AEC: FFFFFFFF	
6AF0: FFFFFFFF	
6AF4: FFFFFFFF	
6AF8: FFFFFFFF	
6AFC: FFFFFFFF	
6B00: FFFFFFFF	
6B04: FFFFFFFF	
6B08: FFFFFFFF	
6B0C: FFFFFFFF	
6B10: FFFFFFFF	
6B14: FFFFFFFF	
6B18: FFFFFFFF	
6B1C: FFFFFFFF	
6B20: FFFFFFFF	
6B24: FFFFFFFF	
6B28: FFFFFFFF	
6B2C: FFFFFFFF	
6B30: FFFFFFFF	
6B34: FFFFFFFF	
6B38: FFFFFFFF	
6B3C: FFFFFFFF	
6B40: FFFFFFFF	
6B44: FFFFFFFF	
6B48: FFFFFFFF	
6B4C: FFFFFFFF	
6B50: FFFFFFFF	
6B54: FFFFFFFF	
6B58: FFFFFFFF	
6B5C: FFFFFFFF	
6B60: FFFFFFFF	
6B64: FFFFFFFF	
6B68: FFFFFFFF	
6B6C: FFFFFFFF	
6B70: FFFFFFFF	
6B74: FFFFFFFF	
6B78: FFFFFFFF	
6B7C: FFFFFFFF	
6B80: FFFFFFFF	
6B84: FFFFFFFF	
6B88: FFFFFFFF	
6B8C: FFFFFFFF	
6B90: FFFFFFFF	
6B94: FFFFFFFF	
6B98: FFFFFFFF	
6B9C: FFFFFFFF	
6BA0: FFFFFFFF	
6BA4: FFFFFFFF	
6BA8: FFFFFFFF	
6BAC: FFFFFFFF	
6BB0: FFFFFFFF	
6BB4: FFFFFFFF	
6BB8: FFFFFFFF	
6BBC: FFFFFFFF	
6BC0: FFFFFFFF	
6BC4: FFFFFFFF	
6BC8: FFFFFFFF	
6BCC: FFFFFFFF	
6BD0: FFFFFFFF	
6BD4: FFFFFFFF	
6BD8: FFFFFFFF	
6BDC: FFFFFFFF	
6BE0: FFFFFFFF	
6BE4: FFFFFFFF	
6BE8: FFFFFFFF	
6BEC: FFFFFFFF	
6BF0: FFFFFFFF	
6BF4: FFFFFFFF	
6BF8: FFFFFFFF	
6BFC: FFFFFFFF	
6C00: FFFFFFFF	
6C04: FFFFFFFF	
6C08: FFFFFFFF	
6C0C: FFFFFFFF	
6C10: FFFFFFFF	
6C14: FFFFFFFF	
6C18: FFFFFFFF	
6C1C: FFFFFFFF	
6C20: FFFFFFFF	
6C24: FFFFFFFF	
6C28: FFFFFFFF	
6C2C: FFFFFFFF	
6C30: FFFFFFFF	
6C34: FFFFFFFF	
6C38: FFFFFFFF	
6C3C: FFFFFFFF	
6C40: FFFFFFFF	
6C44: FFFFFFFF	
6C48: FFFFFFFF	
6C4C: FFFFFFFF	
6C50: FFFFFFFF	
6C54: FFFFFFFF	
6C58: FFFFFFFF	
6C5C: FFFFFFFF	
6C60: FFFFFFFF	
6C64: FFFFFFFF	
6C68: FFFFFFFF	
6C6C: FFFFFFFF	
6C70: FFFFFFFF	
6C74: FFFFFFFF	
6C78: FFFFFFFF	
6C7C: FFFFFFFF	
6C80: FFFFFFFF	
6C84: FFFFFFFF	
6C88: FFFFFFFF	
6C8C: FFFFFFFF	
6C90: FFFFFFFF	
6C94: FFFFFFFF	
6C98: FFFFFFFF	
6C9C: FFFFFFFF	
6CA0: FFFFFFFF	
6CA4: FFFFFFFF	
6CA8: FFFFFFFF	
6CAC: FFFFFFFF	
6CB0: FFFFFFFF	
6CB4: FFFFFFFF	
6CB8: FFFFFFFF	
6CBC: FFFFFFFF	
6CC0: FFFFFFFF	
6CC4: FFFFFFFF	
6CC8: FFFFFFFF	
6CCC: FFFFFFFF	
6CD0: FFFFFFFF	
6CD4: FFFFFFFF	
6CD8: FFFFFFFF	
6CDC: FFFFFFFF	
6CE0: FFFFFFFF	
6CE4: FFFFFFFF	
6CE8: FFFFFFFF	
6CEC: FFFFFFFF	
6CF0: FFFFFFFF	
6CF4: FFFFFFFF	
6CF8: FFFFFFFF	
6CFC: FFFFFFFF	
6D00: FFFFFFFF	
6D04: FFFFFFFF	
6D08: FFFFFFFF	
6D0C: FFFFFFFF	
6D10: FFFFFFFF	
6D14: FFFFFFFF	
6D18: FFFFFFFF	
6D1C: FFFFFFFF	
6D20: FFFFFFFF	
6D24: FFFFFFFF	
6D28: FFFFFFFF	
6D2C: FFFFFFFF	
6D30: FFFFFFFF	
6D34: FFFFFFFF	
6D38: FFFFFFFF	
6D3C: FFFFFFFF	
6D40: FFFFFFFF	
6D44: FFFFFFFF	
6D48: FFFFFFFF	
6D4C: FFFFFFFF	
6D50: FFFFFFFF	
6D54: FFFFFFFF	
6D58: FFFFFFFF	
6D5C: FFFFFFFF	
6D60: FFFFFFFF	
6D64: FFFFFFFF	
6D68: FFFFFFFF	
6D6C: FFFFFFFF	
6D70: FFFFFFFF	
6D74: FFFFFFFF	
6D78: FFFFFFFF	
6D7C: FFFFFFFF	
6D80: FFFFFFFF	
6D84: FFFFFFFF	
6D88: FFFFFFFF	
6D8C: FFFFFFFF	
6D90: FFFFFFFF	
6D94: FFFFFFFF	
6D98: FFFFFFFF	
6D9C: FFFFFFFF	
6DA0: FFFFFFFF	
6DA4: FFFFFFFF	
6DA8: FFFFFFFF	
6DAC: FFFFFFFF	
6DB0: FFFFFFFF	
6DB4: FFFFFFFF	
6DB8: FFFFFFFF	
6DBC: FFFFFFFF	
6DC0: FFFFFFFF	
6DC4: FFFFFFFF	
6DC8: FFFFFFFF	
6DCC: FFFFFFFF	
6DD0: FFFFFFFF	
6DD4: FFFFFFFF	
6DD8: FFFFFFFF	
6DDC: FFFFFFFF	
6DE0: FFFFFFFF	
6DE4: FFFFFFFF	
6DE8: FFFFFFFF	
6DEC: FFFFFFFF	
6DF0: FFFFFFFF	
6DF4: FFFFFFFF	
6DF8: FFFFFFFF	
6DFC: FFFFFFFF	
6E00: FFFFFFFF	
6E04: FFFFFFFF	
6E08: FFFFFFFF	
6E0C: FFFFFFFF	
6E10: FFFFFFFF	
6E14: FFFFFFFF	
6E18: FFFFFFFF	
6E1C: FFFFFFFF	
6E20: FFFFFFFF	
6E24: FFFFFFFF	
6E28: FFFFFFFF	
6E2C: FFFFFFFF	
6E30: FFFFFFFF	
6E34: FFFFFFFF	
6E38: FFFFFFFF	
6E3C: FFFFFFFF	
6E40: FFFFFFFF	
6E44: FFFFFFFF	
6E48: FFFFFFFF	
6E4C: FFFFFFFF	
6E50: FFFFFFFF	
6E54: FFFFFFFF	
6E58: FFFFFFFF	
6E5C: FFFFFFFF	
6E60: FFFFFFFF	
6E64: FFFFFFFF	
6E68: FFFFFFFF	
6E6C: FFFFFFFF	
6E70: FFFFFFFF	
6E74: FFFFFFFF	
6E78: FFFFFFFF	
6E7C: FFFFFFFF	
6E80: FFFFFFFF	
6E84: FFFFFFFF	
6E88: FFFFFFFF	
6E8C: FFFFFFFF	
6E90: FFFFFFFF	
6E94: FFFFFFFF	
6E98: FFFFFFFF	
6E9C: FFFFFFFF	
6EA0: FFFFFFFF	
6EA4: FFFFFFFF	
6EA8: FFFFFFFF	
6EAC: FFFFFFFF	
6EB0: FFFFFFFF	
6EB4: FFFFFFFF	
6EB8: FFFFFFFF	
6EBC: FFFFFFFF	
6EC0: FFFFFFFF	
6EC4: FFFFFFFF	
6EC8: FFFFFFFF	
6ECC: FFFFFFFF	
6ED0: FFFFFFFF	
6ED4: FFFFFFFF	
6ED8: FFFFFFFF	
6EDC: FFFFFFFF	
6EE0: FFFFFFFF	
6EE4: FFFFFFFF	
6EE8: FFFFFFFF	
6EEC: FFFFFFFF	
6EF0: FFFFFFFF	
6EF4: FFFFFFFF	
6EF8: FFFFFFFF	
6EFC: FFFFFFFF	
6F00: FFFFFFFF	
6F04: FFFFFFFF	
6F08: FFFFFFFF	
6F0C: FFFFFFFF	
6F10: FFFFFFFF	
6F14: FFFFFFFF	
6F18: FFFFFFFF	
6F1C: FFFFFFFF	
6F20: FFFFFFFF	
6F24: FFFFFFFF	
6F28: FFFFFFFF	
6F2C: FFFFFFFF	
6F30: FFFFFFFF	
6F34: FFFFFFFF	
6F38: FFFFFFFF	
6F3C: FFFFFFFF	
6F40: FFFFFFFF	
6F44: FFFFFFFF	
6F48: FFFFFFFF	
6F4C: FFFFFFFF	
6F50: FFFFFFFF	
6F54: FFFFFFFF	
6F58: FFFFFFFF	
6F5C: FFFFFFFF	
6F60: FFFFFFFF	
6F64: FFFFFFFF	
6F68: FFFFFFFF	
6F6C: FFFFFFFF	
6F70: FFFFFFFF	
6F74: FFFFFFFF	
6F78: FFFFFFFF	
6F7C: FFFFFFFF	
6F80: FFFFFFFF	
6F84: FFFFFFFF	
6F88: FFFFFFFF	
6F8C: FFFFFFFF	
6F90: FFFFFFFF	
6F94: FFFFFFFF	
6F98: FFFFFFFF	
6F9C: FFFFFFFF	
6FA0: FFFFFFFF	
6FA4: FFFFFFFF	
6FA8: FFFFFFFF	
6FAC: FFFFFFFF	
6FB0: FFFFFFFF	
6FB4: FFFFFFFF	
6FB8: FFFFFFFF	
6FBC: FFFFFFFF	
6FC0: FFFFFFFF	
6FC4: FFFFFFFF	
6FC8: FFFFFFFF	
6FCC: FFFFFFFF	
6FD0: FFFFFFFF	
6FD4: FFFFFFFF	
6FD8: FFFFFFFF	
6FDC: FFFFFFFF	
6FE0: FFFFFFFF	
6FE4: FFFFFFFF	
6FE8: FFFFFFFF	
6FEC: FFFFFFFF	
6FF0: FFFFFFFF	
6FF4: FFFFFFFF	
6FF8: FFFFFFFF	
6FFC: FFFFFFFF	
7000: FFFFFFFF	
7004: FFFFFFFF	
7008: FFFFFFFF	
700C: FFFFFFFF	
7010: FFFFFFFF	
7014: FFFFFFFF	
7018: FFFFFFFF	
701C: FFFFFFFF	
7020: FFFFFFFF	
7024: FFFFFFFF	
7028: FFFFFFFF	
702C: FFFFFFFF	
7030: FFFFFFFF	
7034: FFFFFFFF	
7038: FFFFFFFF	
703C: FFFFFFFF	
7040: FFFFFFFF	
7044: FFFFFFFF	
7048: FFFFFFFF	
704C: FFFFFFFF	
7050: FFFFFFFF	
7054: FFFFFFFF	
7058: FFFFFFFF	
705C: FFFFFFFF	
7060: FFFFFFFF	
7064: FFFFFFFF	
7068: FFFFFFFF	
706C: FFFFFFFF	
7070: FFFFFFFF	
7074: FFFFFFFF	
7078: FFFFFFFF	
707C: FFFFFFFF	
7080: FFFFFFFF	
7084: FFFFFFFF	
7088: FFFFFFFF	
708C: FFFFFFFF	
7090: FFFFFFFF	
7094: FFFFFFFF	
7098: FFFFFFFF	
709C: FFFFFFFF	
70A0: FFFFFFFF	
70A4: FFFFFFFF	
70A8: FFFFFFFF	
70AC: FFFFFFFF	
70B0: FFFFFFFF	
70B4: FFFFFFFF	
70B8: FFFFFFFF	
70BC: FFFFFFFF	
70C0: FFFFFFFF	
70C4: FFFFFFFF	
70C8: FFFFFFFF	
70CC: FFFFFFFF	
70D0: FFFFFFFF	
70D4: FFFFFFFF	
70D8: FFFFFFFF	
70DC: FFFFFFFF	
70E0: FFFFFFFF	
70E4: FFFFFFFF	
70E8: FFFFFFFF	
70EC: FFFFFFFF	
70F0: FFFFFFFF	
70F4: FFFFFFFF	
70F8: FFFFFFFF	
70FC: FFFFFFFF	
7100: FFFFFFFF	
7104: FFFFFFFF	
7108: FFFFFFFF	
710C: FFFFFFFF	
7110: FFFFFFFF	
7114: FFFFFFFF	
7118: FFFFFFFF	
711C: FFFFFFFF	
7120: FFFFFFFF	
7124: FFFFFFFF	
7128: FFFFFFFF	
712C: FFFFFFFF	
7130: FFFFFFFF	
7134: FFFFFFFF	
7138: FFFFFFFF	
713C: FFFFFFFF	
7140: FFFFFFFF	
7144: FFFFFFFF	
7148: FFFFFFFF	
714C: FFFFFFFF	
7150: FFFFFFFF	
7154: FFFFFFFF	
7158: FFFFFFFF	
715C: FFFFFFFF	
7160: FFFFFFFF	
7164: FFFFFFFF	
7168: FFFFFFFF	
716C: FFFFFFFF	
7170: FFFFFFFF	
7174: FFFFFFFF	
7178: FFFFFFFF	
717C: FFFFFFFF	
7180: FFFFFFFF	
7184: FFFFFFFF	
7188: FFFFFFFF	
718C: FFFFFFFF	
7190: FFFFFFFF	
7194: FFFFFFFF	
7198: FFFFFFFF	
719C: FFFFFFFF	
71A0: FFFFFFFF	
71A4: FFFFFFFF	
71A8: FFFFFFFF	
71AC: FFFFFFFF	
71B0: FFFFFFFF	
71B4: FFFFFFFF	
71B8: FFFFFFFF	
71BC: FFFFFFFF	
71C0: FFFFFFFF	
71C4: FFFFFFFF	
71C8: FFFFFFFF	
71CC: FFFFFFFF	
71D0: FFFFFFFF	
71D4: FFFFFFFF	
71D8: FFFFFFFF	
71DC: FFFFFFFF	
71E0: FFFFFFFF	
71E4: FFFFFFFF	
71E8: FFFFFFFF	
71EC: FFFFFFFF	
71F0: FFFFFFFF	
71F4: FFFFFFFF	
71F8: FFFFFFFF	
71FC: FFFFFFFF	
7200: FFFFFFFF	
7204: FFFFFFFF	
7208: FFFFFFFF	
720C: FFFFFFFF	
7210: FFFFFFFF	
7214: FFFFFFFF	
7218: FFFFFFFF	
721C: FFFFFFFF	
7220: FFFFFFFF	
7224: FFFFFFFF	
7228: FFFFFFFF	
722C: FFFFFFFF	
7230: FFFFFFFF	
7234: FFFFFFFF	
7238: FFFFFFFF	
723C: FFFFFFFF	
7240: FFFFFFFF	
7244: FFFFFFFF	
7248: FFFFFFFF	
724C: FFFFFFFF	
7250: FFFFFFFF	
7254: FFFFFFFF	
7258: FFFFFFFF	
725C: FFFFFFFF	
7260: FFFFFFFF	
7264: FFFFFFFF	
7268: FFFFFFFF	
726C: FFFFFFFF	
7270: FFFFFFFF	
7274: FFFFFFFF	
7278: FFFFFFFF	
727C: FFFFFFFF	
7280: FFFFFFFF	
7284: FFFFFFFF	
7288: FFFFFFFF	
728C: FFFFFFFF	
7290: FFFFFFFF	
7294: FFFFFFFF	
7298: FFFFFFFF	
729C: FFFFFFFF	
72A0: FFFFFFFF	
72A4: FFFFFFFF	
72A8: FFFFFFFF	
72AC: FFFFFFFF	
72B0: FFFFFFFF	
72B4: FFFFFFFF	
72B8: FFFFFFFF	
72BC: FFFFFFFF	
72C0: FFFFFFFF	
72C4: FFFFFFFF	
72C8: FFFFFFFF	
72CC: FFFFFFFF	
72D0: FFFFFFFF	
72D4: FFFFFFFF	
72D8: FFFFFFFF	
72DC: FFFFFFFF	
72E0: FFFFFFFF	
72E4: FFFFFFFF	
72E8: FFFFFFFF	
72EC: FFFFFFFF	
72F0: FFFFFFFF	
72F4: FFFFFFFF	
72F8: FFFFFFFF	
72FC: FFFFFFFF	
7300: FFFFFFFF	
7304: FFFFFFFF	
7308: FFFFFFFF	
730C: FFFFFFFF	
7310: FFFFFFFF	
7314: FFFFFFFF	
7318: FFFFFFFF	
731C: FFFFFFFF	
7320: FFFFFFFF	
7324: FFFFFFFF	
7328: FFFFFFFF	
732C: FFFFFFFF	
7330: FFFFFFFF	
7334: FFFFFFFF	
7338: FFFFFFFF	
733C: FFFFFFFF	
7340: FFFFFFFF	
7344: FFFFFFFF	
7348: FFFFFFFF	
734C: FFFFFFFF	
7350: FFFFFFFF	
7354: FFFFFFFF	
7358: FFFFFFFF	
735C: FFFFFFFF	
7360: FFFFFFFF	
7364: FFFFFFFF	
7368: FFFFFFFF	
736C: FFFFFFFF	
7370: FFFFFFFF	
7374: FFFFFFFF	
7378: FFFFFFFF	
737C: FFFFFFFF	
7380: FFFFFFFF	
7384: FFFFFFFF	
7388: FFFFFFFF	
738C: FFFFFFFF	
7390: FFFFFFFF	
7394: FFFFFFFF	
7398: FFFFFFFF	
739C: FFFFFFFF	
73A0: FFFFFFFF	
73A4: FFFFFFFF	
73A8: FFFFFFFF	
73AC: FFFFFFFF	
73B0: FFFFFFFF	
73B4: FFFFFFFF	
73B8: FFFFFFFF	
73BC: FFFFFFFF	
73C0: FFFFFFFF	
73C4: FFFFFFFF	
73C8: FFFFFFFF	
73CC: FFFFFFFF	
73D0: FFFFFFFF	
73D4: FFFFFFFF	
73D8: FFFFFFFF	
73DC: FFFFFFFF	
73E0: FFFFFFFF	
73E4: FFFFFFFF	
73E8: FFFFFFFF	
73EC: FFFFFFFF	
73F0: FFFFFFFF	
73F4: FFFFFFFF	
73F8: FFFFFFFF	
73FC: FFFFFFFF	
7400: FFFFFFFF	
7404: FFFFFFFF	
7408: FFFFFFFF	
740C: FFFFFFFF	
7410: FFFFFFFF	
7414: FFFFFFFF	
7418: FFFFFFFF	
741C: FFFFFFFF	
7420: FFFFFFFF	
7424: FFFFFFFF	
7428: FFFFFFFF	
742C: FFFFFFFF	
7430: FFFFFFFF	
7434: FFFFFFFF	
7438: FFFFFFFF	
743C: FFFFFFFF	
7440: FFFFFFFF	
7444: FFFFFFFF	
7448: FFFFFFFF	
744C: FFFFFFFF	
7450: FFFFFFFF	
7454: FFFFFFFF	
7458: FFFFFFFF	
745C: FFFFFFFF	
7460: FFFFFFFF	
7464: FFFFFFFF	
7468: FFFFFFFF	
746C: FFFFFFFF	
7470: FFFFFFFF	
7474: FFFFFFFF	
7478: FFFFFFFF	
747C: FFFFFFFF	
7480: FFFFFFFF	
7484: FFFFFFFF	
7488: FFFFFFFF	
748C: FFFFFFFF	
7490: FFFFFFFF	
7494: FFFFFFFF	
7498: FFFFFFFF	
749C: FFFFFFFF	
74A0: FFFFFFFF	
74A4: FFFFFFFF	
74A8: FFFFFFFF	
74AC: FFFFFFFF	
74B0: FFFFFFFF	
74B4: FFFFFFFF	
74B8: FFFFFFFF	
74BC: FFFFFFFF	
74C0: FFFFFFFF	
74C4: FFFFFFFF	
74C8: FFFFFFFF	
74CC: FFFFFFFF	
74D0: FFFFFFFF	
74D4: FFFFFFFF	
74D8: FFFFFFFF	
74DC: FFFFFFFF	
74E0: FFFFFFFF	
74E4: FFFFFFFF	
74E8: FFFFFFFF	
74EC: FFFFFFFF	
74F0: FFFFFFFF	
74F4: FFFFFFFF	
74F8: FFFFFFFF	
74FC: FFFFFFFF	
7500: FFFFFFFF	
7504: FFFFFFFF	
7508: FFFFFFFF	
750C: FFFFFFFF	
7510: FFFFFFFF	
7514: FFFFFFFF	
7518: FFFFFFFF	
751C: FFFFFFFF	
7520: FFFFFFFF	
7524: FFFFFFFF	
7528: FFFFFFFF	
752C: FFFFFFFF	
7530: FFFFFFFF	
7534: FFFFFFFF	
7538: FFFFFFFF	
753C: FFFFFFFF	
7540: FFFFFFFF	
7544: FFFFFFFF	
7548: FFFFFFFF	
754C: FFFFFFFF	
7550: FFFFFFFF	
7554: FFFFFFFF	
7558: FFFFFFFF	
755C: FFFFFFFF	
7560: FFFFFFFF	
7564: FFFFFFFF	
7568: FFFFFFFF	
756C: FFFFFFFF	
7570: FFFFFFFF	
7574: FFFFFFFF	
7578: FFFFFFFF	
757C: FFFFFFFF	
7580: FFFFFFFF	
7584: FFFFFFFF	
7588: FFFFFFFF	
758C: FFFFFFFF	
7590: FFFFFFFF	
7594: FFFFFFFF	
7598: FFFFFFFF	
759C: FFFFFFFF	
75A0: FFFFFFFF	
75A4: FFFFFFFF	
75A8: FFFFFFFF	
75AC: FFFFFFFF	
75B0: FFFFFFFF	
75B4: FFFFFFFF	
75B8: FFFFFFFF	
75BC: FFFFFFFF	
75C0: FFFFFFFF	
75C4: FFFFFFFF	
75C8: FFFFFFFF	
75CC: FFFFFFFF	
75D0: FFFFFFFF	
75D4: FFFFFFFF	
75D8: FFFFFFFF	
75DC: FFFFFFFF	
75E0: FFFFFFFF	
75E4: FFFFFFFF	
75E8: FFFFFFFF	
75EC: FFFFFFFF	
75F0: FFFFFFFF	
75F4: FFFFFFFF	
75F8: FFFFFFFF	
75FC: FFFFFFFF	
7600: FFFFFFFF	
7604: FFFFFFFF	
7608: FFFFFFFF	
760C: FFFFFFFF	
7610: FFFFFFFF	
7614: FFFFFFFF	
7618: FFFFFFFF	
761C: FFFFFFFF	
7620: FFFFFFFF	
7624: FFFFFFFF	
7628: FFFFFFFF	
762C: FFFFFFFF	
7630: FFFFFFFF	
7634: FFFFFFFF	
7638: FFFFFFFF	
763C: FFFFFFFF	
7640: FFFFFFFF	
7644: FFFFFFFF	
7648: FFFFFFFF	
764C: FFFFFFFF	
7650: FFFFFFFF	
7654: FFFFFFFF	
7658: FFFFFFFF	
765C: FFFFFFFF	
7660: FFFFFFFF	
7664: FFFFFFFF	
7668: FFFFFFFF	
766C: FFFFFFFF	
7670: FFFFFFFF	
7674: FFFFFFFF	
7678: FFFFFFFF	
767C: FFFFFFFF	
7680: FFFFFFFF	
7684: FFFFFFFF	
7688: FFFFFFFF	
768C: FFFFFFFF	
7690: FFFFFFFF	
7694: FFFFFFFF	
7698: FFFFFFFF	
769C: FFFFFFFF	
76A0: FFFFFFFF	
76A4: FFFFFFFF	
76A8: FFFFFFFF	
76AC: FFFFFFFF	
76B0: FFFFFFFF	
76B4: FFFFFFFF	
76B8: FFFFFFFF	
76BC: FFFFFFFF	
76C0: FFFFFFFF	
76C4: FFFFFFFF	
76C8: FFFFFFFF	
76CC: FFFFFFFF	
76D0: FFFFFFFF	
76D4: FFFFFFFF	
76D8: FFFFFFFF	
76DC: FFFFFFFF	
76E0: FFFFFFFF	
76E4: FFFFFFFF	
76E8: FFFFFFFF	
76EC: FFFFFFFF	
76F0: FFFFFFFF	
76F4: FFFFFFFF	
76F8: FFFFFFFF	
76FC: FFFFFFFF	
7700: FFFFFFFF	
7704: FFFFFFFF	
7708: FFFFFFFF	
770C: FFFFFFFF	
7710: FFFFFFFF	
7714: FFFFFFFF	
7718: FFFFFFFF	
771C: FFFFFFFF	
7720: FFFFFFFF	
7724: FFFFFFFF	
7728: FFFFFFFF	
772C: FFFFFFFF	
7730: FFFFFFFF	
7734: FFFFFFFF	
7738: FFFFFFFF	
773C: FFFFFFFF	
7740: FFFFFFFF	
7744: FFFFFFFF	
7748: FFFFFFFF	
774C: FFFFFFFF	
7750: FFFFFFFF	
7754: FFFFFFFF	
7758: FFFFFFFF	
775C: FFFFFFFF	
7760: FFFFFFFF	
7764: FFFFFFFF	
7768: FFFFFFFF	
776C: FFFFFFFF	
7770: FFFFFFFF	
7774: FFFFFFFF	
7778: FFFFFFFF	
777C: FFFFFFFF	
7780: FFFFFFFF	
7784: FFFFFFFF	
7788: FFFFFFFF	
778C: FFFFFFFF	
7790: FFFFFFFF	
7794: FFFFFFFF	
7798: FFFFFFFF	
779C: FFFFFFFF	
77A0: FFFFFFFF	
77A4: FFFFFFFF	
77A8: FFFFFFFF	
77AC: FFFFFFFF	
77B0: FFFFFFFF	
77B4: FFFFFFFF	
77B8: FFFFFFFF	
77BC: FFFFFFFF	
77C0: FFFFFFFF	
77C4: FFFFFFFF	
77C8: FFFFFFFF	
77CC: FFFFFFFF	
77D0: FFFFFFFF	
77D4: FFFFFFFF	
77D8: FFFFFFFF	
77DC: FFFFFFFF	
77E0: FFFFFFFF	
77E4: FFFFFFFF	
77E8: FFFFFFFF	
77EC: FFFFFFFF	
77F0: FFFFFFFF	
77F4: FFFFFFFF	
77F8: FFFFFFFF	
77FC: FFFFFFFF	
7800: FFFFFFFF	
7804: FFFFFFFF	
7808: FFFFFFFF	
780C: FFFFFFFF	
7810: FFFFFFFF	
7814: FFFFFFFF	
7818: FFFFFFFF	
781C: FFFFFFFF	
7820: FFFFFFFF	
7824: FFFFFFFF	
7828: FFFFFFFF	
782C: FFFFFFFF	
7830: FFFFFFFF	
7834: FFFFFFFF	
7838: FFFFFFFF	
783C: FFFFFFFF	
7840: FFFFFFFF	
7844: FFFFFFFF	
7848: FFFFFFFF	
784C: FFFFFFFF	
7850: FFFFFFFF	
7854: FFFFFFFF	
7858: FFFFFFFF	
785C: FFFFFFFF	
7860: FFFFFFFF	
7864: FFFFFFFF	
7868: FFFFFFFF	
786C: FFFFFFFF	
7870: FFFFFFFF	
7874: FFFFFFFF	
7878: FFFFFFFF	
787C: FFFFFFFF	
7880: FFFFFFFF	
7884: FFFFFFFF	
7888: FFFFFFFF	
788C: FFFFFFFF	
7890: FFFFFFFF	
7894: FFFFFFFF	
7898: FFFFFFFF	
789C: FFFFFFFF	
78A0: FFFFFFFF	
78A4: FFFFFFFF	
78A8: FFFFFFFF	
78AC: FFFFFFFF	
78B0: FFFFFFFF	
78B4: FFFFFFFF	
78B8: FFFFFFFF	
78BC: FFFFFFFF	
78C0: FFFFFFFF	
78C4: FFFFFFFF	
78C8: FFFFFFFF	
78CC: FFFFFFFF	
78D0: FFFFFFFF	
78D4: FFFFFFFF	
78D8: FFFFFFFF	
78DC: FFFFFFFF	
78E0: FFFFFFFF	
78E4: FFFFFFFF	
78E8: FFFFFFFF	
78EC: FFFFFFFF	
78F0: FFFFFFFF	
78F4: FFFFFFFF	
78F8: FFFFFFFF	
78FC: FFFFFFFF	
7900: FFFFFFFF	
7904: FFFFFFFF	
7908: FFFFFFFF	
790C: FFFFFFFF	
7910: FFFFFFFF	
7914: FFFFFFFF	
7918: FFFFFFFF	
791C: FFFFFFFF	
7920: FFFFFFFF	
7924: FFFFFFFF	
7928: FFFFFFFF	
792C: FFFFFFFF	
7930: FFFFFFFF	
7934: FFFFFFFF	
7938: FFFFFFFF	
793C: FFFFFFFF	
7940: FFFFFFFF	
7944: FFFFFFFF	
7948: FFFFFFFF	
794C: FFFFFFFF	
7950: FFFFFFFF	
7954: FFFFFFFF	
7958: FFFFFFFF	
795C: FFFFFFFF	
7960: FFFFFFFF	
7964: FFFFFFFF	
7968: FFFFFFFF	
796C: FFFFFFFF	
7970: FFFFFFFF	
7974: FFFFFFFF	
7978: FFFFFFFF	
797C: FFFFFFFF	
7980: FFFFFFFF	
7984: FFFFFFFF	
7988: FFFFFFFF	
798C: FFFFFFFF	
7990: FFFFFFFF	
7994: FFFFFFFF	
7998: FFFFFFFF	
799C: FFFFFFFF	
79A0: FFFFFFFF	
79A4: FFFFFFFF	
79A8: FFFFFFFF	
79AC: FFFFFFFF	
79B0: FFFFFFFF	
79B4: FFFFFFFF	
79B8: FFFFFFFF	
79BC: FFFFFFFF	
79C0: FFFFFFFF	
79C4: FFFFFFFF	
79C8: FFFFFFFF	
79CC: FFFFFFFF	
79D0: FFFFFFFF	
79D4: FFFFFFFF	
79D8: FFFFFFFF	
79DC: FFFFFFFF	
79E0: FFFFFFFF	
79E4: FFFFFFFF	
79E8: FFFFFFFF	
79EC: FFFFFFFF	
79F0: FFFFFFFF	
79F4: FFFFFFFF	
79F8: FFFFFFFF	
79FC: FFFFFFFF	
7A00: FFFFFFFF	
7A04: FFFFFFFF	
7A08: FFFFFFFF	
7A0C: FFFFFFFF	
7A10: FFFFFFFF	
7A14: FFFFFFFF	
7A18: FFFFFFFF	
7A1C: FFFFFFFF	
7A20: FFFFFFFF	
7A24: FFFFFFFF	
7A28: FFFFFFFF	
7A2C: FFFFFFFF	
7A30: FFFFFFFF	
7A34: FFFFFFFF	
7A38: FFFFFFFF	
7A3C: FFFFFFFF	
7A40: FFFFFFFF	
7A44: FFFFFFFF	
7A48: FFFFFFFF	
7A4C: FFFFFFFF	
7A50: FFFFFFFF	
7A54: FFFFFFFF	
7A58: FFFFFFFF	
7A5C: FFFFFFFF	
7A60: FFFFFFFF	
7A64: FFFFFFFF	
7A68: FFFFFFFF	
7A6C: FFFFFFFF	
7A70: FFFFFFFF	
7A74: FFFFFFFF	
7A78: FFFFFFFF	
7A7C: FFFFFFFF	
7A80: FFFFFFFF	
7A84: FFFFFFFF	
7A88: FFFFFFFF	
7A8C: FFFFFFFF	
7A90: FFFFFFFF	
7A94: FFFFFFFF	
7A98: FFFFFFFF	
7A9C: FFFFFFFF	
7AA0: FFFFFFFF	
7AA4: FFFFFFFF	
7AA8: FFFFFFFF	
7AAC: FFFFFFFF	
7AB0: FFFFFFFF	
7AB4: FFFFFFFF	
7AB8: FFFFFFFF	
7ABC: FFFFFFFF	
7AC0: FFFFFFFF	
7AC4: FFFFFFFF	
7AC8: FFFFFFFF	
7ACC: FFFFFFFF	
7AD0: FFFFFFFF	
7AD4: FFFFFFFF	
7AD8: FFFFFFFF	
7ADC: FFFFFFFF	
7AE0: FFFFFFFF	
7AE4: FFFFFFFF	
7AE8: FFFFFFFF	
7AEC: FFFFFFFF	
7AF0: FFFFFFFF	
7AF4: FFFFFFFF	
7AF8: FFFFFFFF	
7AFC: FFFFFFFF	
7B00: FFFFFFFF	
7B04: FFFFFFFF	
7B08: FFFFFFFF	
7B0C: FFFFFFFF	
7B10: FFFFFFFF	
7B14: FFFFFFFF	
7B18: FFFFFFFF	
7B1C: FFFFFFFF	
7B20: FFFFFFFF	
7B24: FFFFFFFF	
7B28: FFFFFFFF	
7B2C: FFFFFFFF	
7B30: FFFFFFFF	
7B34: FFFFFFFF	
7B38: FFFFFFFF	
7B3C: FFFFFFFF	
7B40: FFFFFFFF	
7B44: FFFFFFFF	
7B48: FFFFFFFF	
7B4C: FFFFFFFF	
7B50: FFFFFFFF	
7B54: FFFFFFFF	
7B58: FFFFFFFF	
7B5C: FFFFFFFF	
7B60: FFFFFFFF	
7B64: FFFFFFFF	
7B68: FFFFFFFF	
7B6C: FFFFFFFF	
7B70: FFFFFFFF	
7B74: FFFFFFFF	
7B78: FFFFFFFF	
7B7C: FFFFFFFF	
7B80: FFFFFFFF	
7B84: FFFFFFFF	
7B88: FFFFFFFF	
7B8C: FFFFFFFF	
7B90: FFFFFFFF	
7B94: FFFFFFFF	
7B98: FFFFFFFF	
7B9C: FFFFFFFF	
7BA0: FFFFFFFF	
7BA4: FFFFFFFF	
7BA8: FFFFFFFF	
7BAC: FFFFFFFF	
7BB0: FFFFFFFF	
7BB4: FFFFFFFF	
7BB8: FFFFFFFF	
7BBC: FFFFFFFF	
7BC0: FFFFFFFF	
7BC4: FFFFFFFF	
7BC8: FFFFFFFF	
7BCC: FFFFFFFF	
7BD0: FFFFFFFF	
7BD4: FFFFFFFF	
7BD8: FFFFFFFF	
7BDC: FFFFFFFF	
7BE0: FFFFFFFF	
7BE4: FFFFFFFF	
7BE8: FFFFFFFF	
7BEC: FFFFFFFF	
7BF0: FFFFFFFF	
7BF4: FFFFFFFF	
7BF8: FFFFFFFF	
7BFC: FFFFFFFF	
7C00: FFFFFFFF	
7C04: FFFFFFFF	
7C08: FFFFFFFF	
7C0C: FFFFFFFF	
7C10: FFFFFFFF	
7C14: FFFFFFFF	
7C18: FFFFFFFF	
7C1C: FFFFFFFF	
7C20: FFFFFFFF	
7C24: FFFFFFFF	
7C28: FFFFFFFF	
7C2C: FFFFFFFF	
7C30: FFFFFFFF	
7C34: FFFFFFFF	
7C38: FFFFFFFF	
7C3C: FFFFFFFF	
7C40: FFFFFFFF	
7C44: FFFFFFFF	
7C48: FFFFFFFF	
7C4C: FFFFFFFF	
7C50: FFFFFFFF	
7C54: FFFFFFFF	
7C58: FFFFFFFF	
7C5C: FFFFFFFF	
7C60: FFFFFFFF	
7C64: FFFFFFFF	
7C68: FFFFFFFF	
7C6C: FFFFFFFF	
7C70: FFFFFFFF	
7C74: FFFFFFFF	
7C78: FFFFFFFF	
7C7C: FFFFFFFF	
7C80: FFFFFFFF	
7C84: FFFFFFFF	
7C88: FFFFFFFF	
7C8C: FFFFFFFF	
7C90: FFFFFFFF	
7C94: FFFFFFFF	
7C98: FFFFFFFF	
7C9C: FFFFFFFF	
7CA0: FFFFFFFF	
7CA4: FFFFFFFF	
7CA8: FFFFFFFF	
7CAC: FFFFFFFF	
7CB0: FFFFFFFF	
7CB4: FFFFFFFF	
7CB8: FFFFFFFF	
7CBC: FFFFFFFF	
7CC0: FFFFFFFF	
7CC4: FFFFFFFF	
7CC8: FFFFFFFF	
7CCC: FFFFFFFF	
7CD0: FFFFFFFF	
7CD4: FFFFFFFF	
7CD8: FFFFFFFF	
7CDC: FFFFFFFF	
7CE0: FFFFFFFF	
7CE4: FFFFFFFF	
7CE8: FFFFFFFF	
7CEC: FFFFFFFF	
7CF0: FFFFFFFF	
7CF4: FFFFFFFF	
7CF8: FFFFFFFF	
7CFC: FFFFFFFF	
7D00: FFFFFFFF	
7D04: FFFFFFFF	
7D08: FFFFFFFF	
7D0C: FFFFFFFF	
7D10: FFFFFFFF	
7D14: FFFFFFFF	
7D18: FFFFFFFF	
7D1C: FFFFFFFF	
7D20: FFFFFFFF	
7D24: FFFFFFFF	
7D28: FFFFFFFF	
7D2C: FFFFFFFF	
7D30: FFFFFFFF	
7D34: FFFFFFFF	
7D38: FFFFFFFF	
7D3C: FFFFFFFF	
7D40: FFFFFFFF	
7D44: FFFFFFFF	
7D48: FFFFFFFF	
7D4C: FFFFFFFF	
7D50: FFFFFFFF	
7D54: FFFFFFFF	
7D58: FFFFFFFF	
7D5C: FFFFFFFF	
7D60: FFFFFFFF	
7D64: FFFFFFFF	
7D68: FFFFFFFF	
7D6C: FFFFFFFF	
7D70: FFFFFFFF	
7D74: FFFFFFFF	
7D78: FFFFFFFF	
7D7C: FFFFFFFF	
7D80: FFFFFFFF	
7D84: FFFFFFFF	
7D88: FFFFFFFF	
7D8C: FFFFFFFF	
7D90: FFFFFFFF	
7D94: FFFFFFFF	
7D98: FFFFFFFF	
7D9C: FFFFFFFF	
7DA0: FFFFFFFF	
7DA4: FFFFFFFF	
7DA8: FFFFFFFF	
7DAC: FFFFFFFF	
7DB0: FFFFFFFF	
7DB4: FFFFFFFF	
7DB8: FFFFFFFF	
7DBC: FFFFFFFF	
7DC0: FFFFFFFF	
7DC4: FFFFFFFF	
7DC8: FFFFFFFF	
7DCC: FFFFFFFF	
7DD0: FFFFFFFF	
7DD4: FFFFFFFF	
7DD8: FFFFFFFF	
7DDC: FFFFFFFF	
7DE0: FFFFFFFF	
7DE4: FFFFFFFF	
7DE8: FFFFFFFF	
7DEC: FFFFFFFF	
7DF0: FFFFFFFF	
7DF4: FFFFFFFF	
7DF8: FFFFFFFF	
7DFC: FFFFFFFF	
7E00: FFFFFFFF	
7E04: FFFFFFFF	
7E08: FFFFFFFF	
7E0C: FFFFFFFF	
7E10: FFFFFFFF	
7E14: FFFFFFFF	
7E18: FFFFFFFF	
7E1C: FFFFFFFF	
7E20: FFFFFFFF	
7E24: FFFFFFFF	
7E28: FFFFFFFF	
7E2C: FFFFFFFF	
7E30: FFFFFFFF	
7E34: FFFFFFFF	
7E38: FFFFFFFF	
7E3C: FFFFFFFF	
7E40: FFFFFFFF	
7E44: FFFFFFFF	
7E48: FFFFFFFF	
7E4C: FFFFFFFF	
7E50: FFFFFFFF	
7E54: FFFFFFFF	
7E58: FFFFFFFF	
7E5C: FFFFFFFF	
7E60: FFFFFFFF	
7E64: FFFFFFFF	
7E68: FFFFFFFF	
7E6C: FFFFFFFF	
7E70: FFFFFFFF	
7E74: FFFFFFFF	
7E78: FFFFFFFF	
7E7C: FFFFFFFF	
7E80: FFFFFFFF	
7E84: FFFFFFFF	
7E88: FFFFFFFF	
7E8C: FFFFFFFF	
7E90: FFFFFFFF	
7E94: FFFFFFFF	
7E98: FFFFFFFF	
7E9C: FFFFFFFF	
7EA0: FFFFFFFF	
7EA4: FFFFFFFF	
7EA8: FFFFFFFF	
7EAC: FFFFFFFF	
7EB0: FFFFFFFF	
7EB4: FFFFFFFF	
7EB8: FFFFFFFF	
7EBC: FFFFFFFF	
7EC0: FFFFFFFF	
7EC4: FFFFFFFF	
7EC8: FFFFFFFF	
7ECC: FFFFFFFF	
7ED0: FFFFFFFF	
7ED4: FFFFFFFF	
7ED8: FFFFFFFF	
7EDC: FFFFFFFF	
7EE0: FFFFFFFF	
7EE4: FFFFFFFF	
7EE8: FFFFFFFF	
7EEC: FFFFFFFF	
7EF0: FFFFFFFF	
7EF4: FFFFFFFF	
7EF8: FFFFFFFF	
7EFC: FFFFFFFF	
7F00: FFFFFFFF	
7F04: FFFFFFFF	
7F08: FFFFFFFF	
7F0C: FFFFFFFF	
7F10: FFFFFFFF	
7F14: FFFFFFFF	
7F18: FFFFFFFF	
7F1C: FFFFFFFF	
7F20: FFFFFFFF	
7F24: FFFFFFFF	
7F28: FFFFFFFF	
7F2C: FFFFFFFF	
7F30: FFFFFFFF	
7F34: FFFFFFFF	
7F38: FFFFFFFF	
7F3C: FFFFFFFF	
7F40: FFFFFFFF	
7F44: FFFFFFFF	
7F48: FFFFFFFF	
7F4C: FFFFFFFF	
7F50: FFFFFFFF	
7F54: FFFFFFFF	
7F58: FFFFFFFF	
7F5C: FFFFFFFF	
7F60: FFFFFFFF	
7F64: FFFFFFFF	
7F68: FFFFFFFF	
7F6C: FFFFFFFF	
7F70: FFFFFFFF	
7F74: FFFFFFFF	
7F78: FFFFFFFF	
7F7C: FFFFFFFF	
7F80: FFFFFFFF	
7F84: FFFFFFFF	
7F88: FFFFFFFF	
7F8C: FFFFFFFF	
7F90: FFFFFFFF	
7F94: FFFFFFFF	
7F98: FFFFFFFF	
7F9C: FFFFFFFF	
7FA0: FFFFFFFF	
7FA4: FFFFFFFF	
7FA8: FFFFFFFF	
7FAC: FFFFFFFF	
7FB0: FFFFFFFF	
7FB4: FFFFFFFF	
7FB8: FFFFFFFF	
7FBC: FFFFFFFF	
7FC0: FFFFFFFF	
7FC4: FFFFFFFF	
7FC8: FFFFFFFF	
7FCC: FFFFFFFF	
7FD0: FFFFFFFF	
7FD4: FFFFFFFF	
7FD8: FFFFFFFF	
7FDC: FFFFFFFF	
7FE0: FFFFFFFF	
7FE4: FFFFFFFF	
7FE8: FFFFFFFF	
7FEC: FFFFFFFF	
7FF0: FFFFFFFF	
7FF4: FFFFFFFF	
7FF8: FFFFFFFF	
7FFC: FFFFFFFF	
8000: CDE65CC9	
8004: D5E5DDE5	
8008: E5DDE1DD	
800C: 5E00DD56	
8010: 01DD6E02	
8014: DD6603DD	
8018: 4E04DD46	
801C: 0578B128	
8020: 090B1ACD	
8024: 045D2313	
8028: 18F3DDE1	
802C: E1D1C9EB	
8030: CD8E5D6F	
8034: 2600C9C3	
8038: C85CC97B	
803C: C3045DC9	
8040: 7CA2677D	
8044: A36FC9AF	
8048: ED527C19	
804C: CB7FC862	
8050: 6BC9AFED	
8054: 527C19CB	
8058: 7FC0626B	
805C: C9D5CD9C	
8060: 5ED1C97C	
8064: B2677DB3	
8068: 6FC9D5CD	
806C: 9C5EEBD1	
8070: C97CBA20	
8074: 087DBB20	
8078: 0421FFFF	
807C: C9210000	
8080: C9AFED52	
8084: 7C19CB7F	
8088: 20EF18F1	
808C: C97CBA20	
8090: F07DBB20	
8094: EC18E2C9	
8098: 7CBA2007	
809C: 7DBB2003	
80A0: 18DBC9AF	
80A4: ED527C19	
80A8: CB7F28CD	
80AC: 18CFC97C	
80B0: BA20C67D	
80B4: BB20C218	
80B8: C4C97CAA	
80BC: 677DAB6F	
80C0: C97E9377	
80C4: 237E9A77	
80C8: C97E8377	
80CC: 237E8A77	
80D0: C9D5E5DD	
80D4: E5E5DDE1	
80D8: DD4E04DD	
80DC: 460578B1	
80E0: 280EDD6E	
80E4: 00DD6601	
80E8: DD5E02DD	
80EC: 5603EDB0	
80F0: DDE1E1D1	
80F4: C9D5E57E	
80F8: 23235E23	
80FC: 56234E23	
8100: 46EB5F78	
8104: B128050B	
8108: 732318F7	
810C: E1D1C9D5	
8110: E5D5EB21	
8114: F702CD5B	
8118: 5ED121FC	
811C: 02CD5B5E	
8120: E1D1C9EB	
8124: 21CB5EC9	
8128: E1C9C900	
812C: 0000CF60	
8130: CF60AD85	
8134: 00FFCF60	
8138: AD8500FF	
813C: CF60AD85	
8140: 00FF9985	
8144: 005CC97C	
8148: B5210000	
814C: C02BC9CB	
8150: 7C210000	
8154: C82BC944	
8158: 4DAF676F	
815C: ED42C9CB	
8160: 7CC818F3	
8164: C97C2F67	
8168: 7D2F6FC9	
816C: 00000000	
8170: D5E5EB21	
8174: 0000226C	
8178: 81CD3780	
817C: E1D1C9CD	
8180: 0080CD70	
8184: 81C9D5E5	
8188: EB2A6C81	
818C: CD3B80EB	
8190: 210100EB	
8194: 216C81CD	
8198: C980EB2A	
819C: 6C81CD37	
81A0: 80EB2A6C	
81A4: 81EB2180	
81A8: 02CD7180	
81AC: 7CB52803	
81B0: CD7F81E1	
81B4: D1C9D5E5	
81B8: EB213F00	
81BC: CD4080EB	
81C0: 2A6E8119	
81C4: CD8681E1	
81C8: D1C9D5E5	
81CC: EB212000	
81D0: CD8681E1	
81D4: D1C9D5E5	
81D8: EB210000	
81DC: 226E81E1	
81E0: D1C9D5E5	
81E4: EB214000	
81E8: 226E81E1	
81EC: D1C9D5E5	
81F0: EB218000	
81F4: 226E81E1	
81F8: D1C9D5E5	
81FC: EB21C000	
8200: 226E81E1	
8204: D1C9D5E5	
8208: 545D6E26	
820C: 002BE5EB	
8210: 23545D6E	
8214: 2600CDB6	
8218: 81E17CB5	
821C: 20EFE1D1	
8220: C9EB210F	
8224: 00CD4080	
8228: EB21F6FF	
822C: 19CB7C28	
8230: 05EB21F9	
8234: FF1923CD	
8238: B681C9E5	
823C: CB2CCB1D	
8240: CB2CCB1D	
8244: CB2CCB1D	
8248: CB2CCB1D	
824C: CD2182EB	
8250: E1CD2182	
8254: C9D5E5E5	
8258: E5CDCA81	
825C: EBE17C65	
8260: 6FCD3B82	
8264: EBE1CD3B	
8268: 82E1D1C9	
826C: D5E5EB21	
8270: 2000CD86	
8274: 81EB2A6C	
8278: 81EB211F	
827C: 00CD4080	
8280: CD47817C	
8284: B528E7E1	
8288: D1C9CD6C	
828C: 82CD6C82	
8290: C9545DD5	
8294: E5CD2F80	
8298: CD47817C	
829C: B528F6CD	
82A0: 2F807CB5	
82A4: 28F9D1D1	
82A8: C9C90000	
82AC: 00000000	
82B0: 00000000	
82B4: 00000000	
82B8: 0000D5E5	
82BC: CD2381EB	
82C0: 2AB08219	
82C4: D1D1C929	
82C8: 29292929	
82CC: C9EB2AB0	
82D0: 82EB2100	
82D4: 00CD4780	
82D8: EB2AAE82	
82DC: 2BCD5280	
82E0: 22B082EB	
82E4: 2AAC8219	
82E8: CD3780EB	
82EC: 21AA82CD	
82F0: 0480C9D5	
82F4: E5EB2100	
82F8: 022BE5CD	
82FC: 238119EB	
8300: 212000EB	
8304: 73E17CB5	
8308: 20EFE1D1	
830C: C9EB2AB2	
8310: 82CD7180	
8314: C9EB2114	
8318: 00CD0D83	
831C: 7CB5280B	
8320: EB21FFFF	
8324: EB21B082	
8328: CDC980EB	
832C: 211500CD	
8330: 0D837CB5	
8334: 280BEB21	
8338: E0FFEB21	
833C: B082CDC9	
8340: 80EB2116	
8344: 00CD0D83	
8348: 7CB5280B	
834C: EB212000	
8350: EB21B082	
8354: CDC980EB	
8358: 211700CD	
835C: 0D837CB5	
8360: 280BEB21	
8364: 0100EB21	
8368: B082CDC9	
836C: 80C9EB2A	
8370: AE82EB2A	
8374: B082444D	
8378: 626BAFED	
837C: 422BE5EB	
8380: CDBA8219	
8384: 545D6E26	
8388: 00EB2373	
838C: E17CB520	
8390: ECEB2AB2	
8394: 82EB213F	
8398: 00CD4080	
839C: E5CDBA82	
83A0: 6E2600EB	
83A4: 21C000CD	
83A8: 4080EBE1	
83AC: 19EBCDBA	
83B0: 8273EB21	
83B4: 0100EB21	
83B8: B082CDC9	
83BC: 80C9EB21	
83C0: 2000CD23	
83C4: 812B73CD	
83C8: 2381EB2A	
83CC: AE8219EB	
83D0: 212000EB	
83D4: 73C9EB2A	
83D8: B082CD47	
83DC: 817CB528	
83E0: 01C9EB21	
83E4: FFFFEB21	
83E8: B082CDC9	
83EC: 80CDBE83	
83F0: CDBA8222	
83F4: B6822322	
83F8: B482EB2A	
83FC: AE82EB2A	
8400: B082444D	
8404: 626BAFED	
8408: 4222B882	
840C: EB21B482	
8410: CDD180C9	
8414: 00000000	
8418: 221684CD	
841C: BE83CDBA	
8420: 82EBEBE5	
8424: 6E2600EB	
8428: 213F00CD	
842C: 4080EB2A	
8430: 148419EB	
8434: E173EB2A	
8438: 168419E5	
843C: 6E2600EB	
8440: 213F00CD	
8444: 4080EB21	
8448: 2000CD71	
844C: 80EBE1EB	
8450: 7CB528CE	
8454: C9EB2AB2	
8458: 82EB2103	
845C: 00CD4080	
8460: 29292929	
8464: 29292214	
8468: 84EB2101	
846C: 00CD1884	
8470: EB21FFFF	
8474: CD1884C9	
8478: CDC78222	
847C: AE82EBCD	
8480: C78222AC	
8484: 82CD2381	
8488: 22AA82CD	
848C: CD82CD91	
8490: 8222B282	
8494: EB2AB282	
8498: EB212000	
849C: CD8D807C	
84A0: B52803CD	
84A4: 6E83CD15	
84A8: 83EB2108	
84AC: 00CD0D83	
84B0: 7CB52803	
84B4: CDD683EB	
84B8: 2AB282CB	
84BC: 2CCB1DCB	
84C0: 2CCB1DEB	
84C4: 210400CD	
84C8: 71807CB5	
84CC: 2803CD55	
84D0: 84EB210D	
84D4: 00CD0D83	
84D8: 7CB528AF	
84DC: C9000000	
84E0: 00D5E5EB	
84E4: 2ADF8419	
84E8: EB2ADD84	
84EC: 73EB2101	
84F0: 00EB21DD	
84F4: 84CDC980	
84F8: E1D1C922	
84FC: DF84626B	
8500: 6E26002B	
8504: E5EB2354	
8508: 5D6E2600	
850C: CDE184E1	
8510: 7CB520EF	
8514: EB212000	
8518: CDE184C9	
851C: EB210000	
8520: CDFB84C9	
8524: EB214000	
8528: CDFB84C9	
852C: EB218000	
8530: CDFB84C9	
8534: EB21C000	
8538: CDFB84C9	
853C: CDF382CD	
8540: 238122DD	
8544: 84180B0A	
8548: 17080914	
854C: 05201405	
8550: 1814EBEB	
8554: 214785CD	
8558: 1C851809	
855C: 08120504	
8560: 20140518	
8564: 14EBEB21	
8568: 5C85CD24	
856C: 85180B0A	
8570: 07120505	
8574: 0E201405	
8578: 1814EBEB	
857C: 216F85CD	
8580: 2C85180C	
8584: 0B19050C	
8588: 0C0F1720	
858C: 14051814	
8590: EBEB2184	
8594: 85CD3485	
8598: C9CD3C85	
859C: EB210400	
85A0: EB210800	
85A4: CD7884CD	
85A8: 0F817618	
85AC: FD      	
              	
              	


total time: 0.0070 sec.
no errors
